// Vitest Snapshot v1, https://vitest.dev/guide/snapshot.html

exports[`리팩터링 기준선: 40웨이브 경계 상태와 이벤트 해시 1`] = `
[
  {
    "baseHealth": 20,
    "board": "common-archer",
    "completedWave": 0,
    "defeatedEnemies": 0,
    "eventHash": 2166136261,
    "gold": 90,
    "growthShardsEarned": 0,
  },
  {
    "baseHealth": 20,
    "board": "rare-single,advanced-support,epic-support,advanced-support,rare-support,rare-single,hero-support,advanced-archer",
    "completedWave": 1,
    "defeatedEnemies": 44,
    "eventHash": 2253438002,
    "gold": 10,
    "growthShardsEarned": 1,
  },
  {
    "baseHealth": 20,
    "board": "rare-single,rare-archer,epic-support,rare-support,rare-single,hero-support,advanced-archer,rare-area,common-archer,advanced-support,common-single,rare-support,common-single,epic-area,common-archer,advanced-single",
    "completedWave": 2,
    "defeatedEnemies": 92,
    "eventHash": 330105430,
    "gold": 2,
    "growthShardsEarned": 2,
  },
  {
    "baseHealth": 20,
    "board": "hero-support,epic-area,epic-support,epic-support,rare-archer,rare-archer,rare-area,rare-support,rare-support,advanced-archer,advanced-archer,advanced-single,advanced-single,advanced-support,advanced-support,common-support,common-single,advanced-area,common-archer,common-support",
    "completedWave": 3,
    "defeatedEnemies": 144,
    "eventHash": 239523689,
    "gold": 4,
    "growthShardsEarned": 3,
  },
  {
    "baseHealth": 20,
    "board": "hero-support,hero-archer,epic-support,epic-support,rare-area,rare-support,rare-support,epic-area,rare-area,common-support,epic-single,common-archer,common-support,advanced-archer,common-archer,common-single,epic-archer,advanced-single",
    "completedWave": 4,
    "defeatedEnemies": 200,
    "eventHash": 3326469978,
    "gold": 8,
    "growthShardsEarned": 4,
  },
  {
    "baseHealth": 20,
    "board": "legendary-area,hero-archer,epic-support,epic-area,advanced-area,epic-single,rare-single,advanced-archer,common-single,epic-archer,advanced-area,advanced-archer,common-area,epic-archer,common-area,hero-single,advanced-support,rare-single,common-support,advanced-support,common-support",
    "completedWave": 5,
    "defeatedEnemies": 244,
    "eventHash": 1956892718,
    "gold": 4,
    "growthShardsEarned": 8,
  },
  {
    "baseHealth": 20,
    "board": "legendary-area,hero-archer,epic-support,epic-area,rare-archer,epic-single,rare-single,rare-support,common-single,hero-support,advanced-archer,hero-single,rare-area,rare-single,common-support,common-support,hero-single,common-archer,epic-support,epic-area,common-area,rare-archer,rare-support",
    "completedWave": 6,
    "defeatedEnemies": 297,
    "eventHash": 425269634,
    "gold": 17,
    "growthShardsEarned": 9,
  },
  {
    "baseHealth": 20,
    "board": "legendary-area,hero-archer,hero-archer,epic-area,epic-single,rare-single,epic-archer,advanced-support,hero-support,advanced-archer,hero-single,rare-area,rare-single,common-support,common-support,hero-single,common-archer,epic-area,common-area,common-archer,advanced-single,epic-single,epic-archer,rare-area,advanced-support,advanced-single,advanced-archer",
    "completedWave": 7,
    "defeatedEnemies": 354,
    "eventHash": 1468861357,
    "gold": 1,
    "growthShardsEarned": 10,
  },
  {
    "baseHealth": 20,
    "board": "legendary-area,hero-archer,hero-archer,epic-area,legendary-single,rare-area,rare-support,hero-single,advanced-archer,hero-single,rare-single,epic-area,advanced-archer,rare-area,epic-single,advanced-area",
    "completedWave": 8,
    "defeatedEnemies": 415,
    "eventHash": 1376107430,
    "gold": 9,
    "growthShardsEarned": 11,
  },
  {
    "baseHealth": 20,
    "board": "legendary-area,hero-archer,hero-archer,epic-area,legendary-single,epic-single,rare-support,legendary-support,advanced-archer,rare-single,epic-area,advanced-archer,epic-single,advanced-area,advanced-support,rare-archer,common-area,common-single,advanced-area,common-archer,rare-single,common-support",
    "completedWave": 9,
    "defeatedEnemies": 480,
    "eventHash": 1190023099,
    "gold": 19,
    "growthShardsEarned": 12,
  },
  {
    "baseHealth": 20,
    "board": "legendary-area,legendary-support,hero-support,legendary-single,hero-archer,legendary-support,epic-support,rare-support,common-area,advanced-area,common-support,common-area,rare-area,common-support,advanced-single,rare-single,common-archer",
    "completedWave": 10,
    "defeatedEnemies": 530,
    "eventHash": 1646550634,
    "gold": 15,
    "growthShardsEarned": 19,
  },
  {
    "baseHealth": 20,
    "board": "legendary-area,legendary-support,hero-support,legendary-single,hero-archer,legendary-support,epic-support,rare-support,advanced-archer,advanced-area,advanced-support,rare-area,advanced-single,rare-single,advanced-archer,common-single,epic-single,epic-support,hero-archer,common-support,rare-archer,rare-area,advanced-single",
    "completedWave": 11,
    "defeatedEnemies": 591,
    "eventHash": 183924459,
    "gold": 17,
    "growthShardsEarned": 20,
  },
  {
    "baseHealth": 20,
    "board": "legendary-area,legendary-support,hero-support,legendary-single,hero-archer,legendary-support,hero-area,rare-archer,rare-support,epic-area,rare-single,epic-single,hero-archer,common-support,rare-archer,advanced-single,common-support,common-area,rare-single,hero-single,advanced-area,rare-support,advanced-support,common-archer,advanced-area,common-single",
    "completedWave": 12,
    "defeatedEnemies": 656,
    "eventHash": 386607311,
    "gold": 11,
    "growthShardsEarned": 21,
  },
  {
    "baseHealth": 20,
    "board": "legendary-area,legendary-support,hero-support,legendary-single,hero-archer,legendary-support,hero-area,epic-single,epic-area,epic-area,rare-single,epic-single,hero-archer,rare-area,advanced-area,rare-single,hero-single,advanced-support,common-archer,common-single,hero-single,common-single,common-archer,rare-area,advanced-single,epic-archer,rare-archer,common-support,common-support,advanced-single,rare-support",
    "completedWave": 13,
    "defeatedEnemies": 725,
    "eventHash": 2115139762,
    "gold": 9,
    "growthShardsEarned": 22,
  },
  {
    "baseHealth": 20,
    "board": "legendary-area,legendary-support,hero-support,legendary-single,hero-archer,legendary-support,hero-area,legendary-archer,epic-area,epic-area,rare-single,hero-archer,epic-single,rare-single,rare-archer,epic-archer,rare-archer,common-area,advanced-archer,hero-support,advanced-support,common-support,common-archer,hero-single",
    "completedWave": 14,
    "defeatedEnemies": 798,
    "eventHash": 580404774,
    "gold": 6,
    "growthShardsEarned": 23,
  },
  {
    "baseHealth": 20,
    "board": "legendary-area,legendary-support,legendary-archer,legendary-single,hero-archer,legendary-support,hero-area,legendary-archer,hero-single,hero-area,hero-archer,epic-single,common-area,rare-support,advanced-support,common-support,hero-single,common-support,advanced-area,advanced-support,rare-archer,common-single,common-area,rare-area,epic-single,rare-single,advanced-area,common-archer",
    "completedWave": 15,
    "defeatedEnemies": 859,
    "eventHash": 166518257,
    "gold": 28,
    "growthShardsEarned": 27,
  },
  {
    "baseHealth": 20,
    "board": "legendary-area,legendary-support,legendary-archer,legendary-single,hero-archer,legendary-support,hero-area,legendary-archer,hero-single,hero-area,hero-archer,epic-single,rare-single,rare-support,epic-area,advanced-single,hero-single,advanced-area,rare-archer,common-single,rare-area,epic-single,advanced-area,common-archer,rare-area,rare-support,advanced-single,common-archer,epic-archer,advanced-archer,advanced-archer,common-single",
    "completedWave": 16,
    "defeatedEnemies": 929,
    "eventHash": 2087685989,
    "gold": 21,
    "growthShardsEarned": 28,
  },
  {
    "baseHealth": 20,
    "board": "legendary-area,legendary-support,legendary-archer,legendary-single,legendary-single,legendary-support,hero-area,legendary-archer,legendary-area,hero-area,hero-single,epic-support,epic-archer,rare-archer,rare-archer,epic-archer,common-support,common-archer,common-area,advanced-single,common-archer",
    "completedWave": 17,
    "defeatedEnemies": 1003,
    "eventHash": 3360131175,
    "gold": 17,
    "growthShardsEarned": 29,
  },
  {
    "baseHealth": 20,
    "board": "legendary-area,legendary-support,legendary-archer,mythic-support,legendary-support,legendary-archer,legendary-area,hero-single,epic-support,epic-archer,rare-archer,rare-archer,epic-archer,advanced-archer,advanced-support,common-area,rare-area,hero-archer,rare-support,rare-area,hero-single,epic-area,advanced-area,advanced-archer,common-archer,rare-single,common-single,common-single,advanced-single,common-archer",
    "completedWave": 18,
    "defeatedEnemies": 1081,
    "eventHash": 2917642811,
    "gold": 21,
    "growthShardsEarned": 30,
  },
  {
    "baseHealth": 20,
    "board": "legendary-area,legendary-support,mythic-area,mythic-support,legendary-support,legendary-area,epic-support,epic-single,epic-area,advanced-support,hero-archer,rare-support,epic-area,advanced-single,epic-archer,rare-single,advanced-single,rare-area,common-archer,common-archer,common-area,rare-archer,common-support,rare-area",
    "completedWave": 19,
    "defeatedEnemies": 1163,
    "eventHash": 1905390844,
    "gold": 2,
    "growthShardsEarned": 31,
  },
  {
    "baseHealth": 20,
    "board": "legendary-area,legendary-support,mythic-area,mythic-support,legendary-support,legendary-area,hero-single,epic-single,hero-area,rare-archer,hero-archer,epic-area,epic-archer,rare-single,advanced-area,advanced-single,hero-area,common-area,advanced-area,common-support",
    "completedWave": 20,
    "defeatedEnemies": 1230,
    "eventHash": 713552137,
    "gold": 25,
    "growthShardsEarned": 38,
  },
  {
    "baseHealth": 20,
    "board": "legendary-area,legendary-support,mythic-area,mythic-support,legendary-support,legendary-area,hero-single,epic-single,legendary-archer,rare-archer,hero-archer,epic-area,epic-archer,rare-single,epic-area,advanced-single,advanced-area,rare-area,hero-single,rare-archer,epic-archer,common-archer,rare-support,rare-area",
    "completedWave": 21,
    "defeatedEnemies": 1309,
    "eventHash": 762939044,
    "gold": 14,
    "growthShardsEarned": 39,
  },
  {
    "baseHealth": 20,
    "board": "legendary-area,legendary-support,mythic-area,mythic-support,legendary-support,legendary-area,hero-single,legendary-archer,legendary-archer,epic-archer,advanced-single,advanced-area,rare-area,hero-single,epic-archer,common-archer,rare-area,epic-support,advanced-area,advanced-single,advanced-archer,advanced-support,epic-support,common-single,common-single,common-area,hero-area",
    "completedWave": 22,
    "defeatedEnemies": 1392,
    "eventHash": 1309732515,
    "gold": 26,
    "growthShardsEarned": 40,
  },
  {
    "baseHealth": 20,
    "board": "mythic-support,legendary-support,mythic-area,mythic-support,legendary-support,legendary-archer,legendary-archer,hero-support,rare-archer,rare-support,epic-support,rare-single,advanced-support,advanced-support,hero-area,common-support,epic-area,common-archer,common-support,rare-single,epic-archer,rare-archer",
    "completedWave": 23,
    "defeatedEnemies": 1479,
    "eventHash": 2311805065,
    "gold": 17,
    "growthShardsEarned": 41,
  },
  {
    "baseHealth": 20,
    "board": "mythic-support,legendary-support,mythic-area,mythic-support,legendary-support,legendary-archer,legendary-archer,hero-support,hero-single,rare-support,epic-support,rare-area,hero-area,advanced-single,epic-area,common-archer,common-support,common-archer,common-single,advanced-support,advanced-area,advanced-area,rare-area,epic-area,common-support,advanced-support,common-area,common-area",
    "completedWave": 24,
    "defeatedEnemies": 1571,
    "eventHash": 206192591,
    "gold": 47,
    "growthShardsEarned": 42,
  },
  {
    "baseHealth": 20,
    "board": "mythic-support,legendary-support,mythic-area,mythic-support,legendary-support,legendary-archer,legendary-archer,legendary-area,hero-single,epic-support,epic-support,hero-area,rare-area,rare-archer,epic-area,advanced-archer,advanced-single,advanced-support,common-support,common-archer",
    "completedWave": 25,
    "defeatedEnemies": 1650,
    "eventHash": 583812964,
    "gold": 19,
    "growthShardsEarned": 46,
  },
  {
    "baseHealth": 20,
    "board": "mythic-support,legendary-support,mythic-area,mythic-support,legendary-support,legendary-archer,legendary-archer,legendary-area,hero-single,hero-area,hero-area,rare-area,rare-archer,epic-area,advanced-archer,rare-support,rare-archer,common-support,common-archer,advanced-archer,advanced-area,epic-archer,rare-area,common-support,advanced-area,common-area,hero-archer,epic-single,advanced-single,common-archer,epic-support,common-area",
    "completedWave": 26,
    "defeatedEnemies": 1738,
    "eventHash": 1987354055,
    "gold": 21,
    "growthShardsEarned": 47,
  },
  {
    "baseHealth": 20,
    "board": "mythic-support,legendary-support,mythic-area,mythic-support,legendary-support,legendary-archer,legendary-archer,legendary-area,hero-single,legendary-area,hero-archer,hero-single,rare-support,rare-support,rare-archer,advanced-archer,epic-archer,advanced-area,hero-archer,epic-single,advanced-single,advanced-area,advanced-archer,rare-single,advanced-support,common-support,common-single,common-archer,rare-archer",
    "completedWave": 27,
    "defeatedEnemies": 1830,
    "eventHash": 2443321083,
    "gold": 44,
    "growthShardsEarned": 48,
  },
  {
    "baseHealth": 20,
    "board": "mythic-support,legendary-support,mythic-area,mythic-support,legendary-support,mythic-archer,legendary-area,legendary-area,hero-archer,epic-support,epic-archer,hero-archer,rare-single,advanced-support,advanced-single,advanced-area,epic-support,advanced-area,advanced-support,rare-support,advanced-single,rare-archer,advanced-archer,advanced-archer",
    "completedWave": 28,
    "defeatedEnemies": 1926,
    "eventHash": 270329793,
    "gold": 59,
    "growthShardsEarned": 49,
  },
  {
    "baseHealth": 20,
    "board": "mythic-support,mythic-area,mythic-area,mythic-support,mythic-archer,legendary-area,legendary-area,epic-support,epic-archer,rare-single,rare-area,advanced-single,epic-single,epic-support,advanced-single,epic-single,rare-area,common-area,epic-area,common-area,hero-support,advanced-area,advanced-archer,common-archer,advanced-archer",
    "completedWave": 29,
    "defeatedEnemies": 2027,
    "eventHash": 486753995,
    "gold": 17,
    "growthShardsEarned": 50,
  },
  {
    "baseHealth": 20,
    "board": "mythic-support,mythic-area,mythic-area,mythic-support,mythic-archer,legendary-area,legendary-area,epic-support,epic-archer,rare-single,hero-area,hero-area,epic-support,advanced-archer,hero-support,rare-archer,common-archer,advanced-support,common-support,rare-support,common-single,common-support,rare-archer,common-single,advanced-single,advanced-single,epic-archer,rare-single,advanced-area",
    "completedWave": 30,
    "defeatedEnemies": 2112,
    "eventHash": 3059582191,
    "gold": 30,
    "growthShardsEarned": 57,
  },
  {
    "baseHealth": 20,
    "board": "mythic-support,mythic-area,mythic-area,mythic-support,mythic-archer,legendary-area,legendary-area,epic-support,hero-archer,epic-area,hero-area,hero-area,epic-support,advanced-archer,hero-support,epic-area,advanced-area,advanced-archer,rare-area,advanced-area,hero-archer,advanced-support,hero-support,rare-area,rare-archer,rare-support,common-single,common-area,common-support",
    "completedWave": 31,
    "defeatedEnemies": 2209,
    "eventHash": 952675993,
    "gold": 42,
    "growthShardsEarned": 58,
  },
  {
    "baseHealth": 20,
    "board": "mythic-support,mythic-area,mythic-area,mythic-support,mythic-archer,legendary-area,legendary-area,legendary-single,hero-archer,hero-single,hero-area,hero-area,advanced-archer,epic-area,advanced-archer,hero-archer,rare-archer,rare-support,common-single,advanced-area,common-archer,epic-archer,epic-single,common-archer,advanced-single,common-support,rare-archer,rare-support,common-support,advanced-area,common-area,common-area,advanced-single",
    "completedWave": 32,
    "defeatedEnemies": 2310,
    "eventHash": 2204820505,
    "gold": 28,
    "growthShardsEarned": 59,
  },
  {
    "baseHealth": 20,
    "board": "mythic-support,transcendent-support,mythic-support,mythic-archer,legendary-single,hero-single,hero-area,hero-area,epic-archer,epic-area,hero-support,common-single,advanced-area,advanced-support,epic-single,epic-archer,advanced-single,advanced-area,advanced-support,hero-single,common-single,common-archer,rare-area,advanced-single,advanced-archer,common-support,epic-area,epic-single,common-support",
    "completedWave": 33,
    "defeatedEnemies": 2416,
    "eventHash": 471677578,
    "gold": 66,
    "growthShardsEarned": 60,
  },
  {
    "baseHealth": 20,
    "board": "mythic-support,transcendent-support,mythic-support,mythic-archer,legendary-single,legendary-archer,legendary-area,epic-area,hero-support,advanced-area,rare-support,epic-single,advanced-area,advanced-single,epic-area,epic-single,rare-archer,rare-archer,epic-archer,common-single,advanced-support,common-area,advanced-support,rare-support,advanced-archer,common-support,advanced-single,common-support,common-archer",
    "completedWave": 34,
    "defeatedEnemies": 2526,
    "eventHash": 2041615892,
    "gold": 34,
    "growthShardsEarned": 61,
  },
  {
    "baseHealth": 20,
    "board": "mythic-support,transcendent-support,mythic-support,mythic-archer,legendary-single,legendary-archer,legendary-area,hero-area,legendary-single,hero-support,epic-single,epic-single,common-single,rare-support,epic-area,common-single,advanced-archer,common-archer,advanced-support,rare-area,epic-area,common-support,advanced-area",
    "completedWave": 35,
    "defeatedEnemies": 2623,
    "eventHash": 4246123066,
    "gold": 27,
    "growthShardsEarned": 65,
  },
  {
    "baseHealth": 20,
    "board": "mythic-support,transcendent-support,mythic-support,mythic-archer,legendary-single,legendary-archer,legendary-area,hero-area,legendary-single,hero-support,epic-single,epic-single,rare-single,rare-support,epic-area,epic-archer,common-archer,rare-archer,epic-area,advanced-support,advanced-support,hero-single,epic-archer,advanced-area,rare-single,common-single,common-archer,common-single,rare-support",
    "completedWave": 36,
    "defeatedEnemies": 2729,
    "eventHash": 3749673187,
    "gold": 54,
    "growthShardsEarned": 66,
  },
  {
    "baseHealth": 20,
    "board": "mythic-support,transcendent-support,mythic-support,mythic-archer,legendary-single,legendary-archer,legendary-area,hero-area,legendary-single,hero-support,epic-single,epic-single,hero-archer,hero-archer,hero-single,rare-archer,rare-archer,hero-single,advanced-support,advanced-archer,advanced-single,advanced-archer,rare-single,common-area,rare-support,common-area,advanced-support,advanced-single,rare-area",
    "completedWave": 37,
    "defeatedEnemies": 2840,
    "eventHash": 2826584229,
    "gold": 59,
    "growthShardsEarned": 67,
  },
  {
    "baseHealth": 20,
    "board": "mythic-support,transcendent-support,mythic-support,mythic-archer,legendary-single,legendary-archer,legendary-area,hero-area,legendary-single,hero-support,epic-single,epic-single,hero-archer,hero-archer,hero-single,epic-support,hero-single,advanced-archer,epic-area,advanced-archer,rare-single,rare-area,advanced-single,epic-archer,epic-archer,epic-support,common-area,epic-area,rare-archer,common-area,common-archer",
    "completedWave": 38,
    "defeatedEnemies": 2955,
    "eventHash": 714215702,
    "gold": 10,
    "growthShardsEarned": 68,
  },
  {
    "baseHealth": 20,
    "board": "mythic-support,transcendent-support,mythic-support,mythic-archer,legendary-single,legendary-archer,legendary-area,legendary-support,legendary-single,hero-support,epic-single,epic-single,hero-archer,hero-archer,legendary-archer,hero-single,epic-area,hero-single,epic-archer,epic-archer,common-archer,common-support,common-support,common-single",
    "completedWave": 39,
    "defeatedEnemies": 3074,
    "eventHash": 2465434679,
    "gold": 50,
    "growthShardsEarned": 69,
  },
  {
    "baseHealth": 20,
    "board": "mythic-support,transcendent-support,mythic-support,mythic-archer,legendary-single,legendary-archer,legendary-area,legendary-support,legendary-single,hero-support,hero-support,hero-archer,hero-archer,legendary-archer,hero-single,epic-area,hero-single,epic-archer,epic-archer,rare-single,advanced-support,advanced-single,advanced-area,rare-single,rare-archer,advanced-single,rare-archer,rare-support,epic-area,rare-area,common-area,rare-support",
    "completedWave": 40,
    "defeatedEnemies": 3177,
    "eventHash": 297807918,
    "gold": 2,
    "growthShardsEarned": 76,
  },
]
`;
