// Vitest Snapshot v1, https://vitest.dev/guide/snapshot.html

exports[`리팩터링 기준선: 40웨이브 경계 상태와 이벤트 해시 1`] = `
[
  {
    "baseHealth": 20,
    "board": "",
    "completedWave": 0,
    "defeatedEnemies": 0,
    "eventHash": 2166136261,
    "gold": 100,
    "growthShardsEarned": 0,
  },
  {
    "baseHealth": 20,
    "board": "advanced-archer,epic-support,advanced-single,epic-support,hero-area,advanced-area,rare-support,advanced-support,common-archer,common-single,common-single,common-support,rare-support,advanced-area,epic-area,common-support,common-archer",
    "completedWave": 1,
    "defeatedEnemies": 44,
    "eventHash": 3063945675,
    "gold": 0,
    "growthShardsEarned": 1,
  },
  {
    "baseHealth": 20,
    "board": "epic-archer,hero-archer,advanced-single,hero-area,rare-archer,advanced-support,common-archer,common-single,common-single,advanced-archer,epic-area,common-archer,advanced-area,common-area,rare-single,rare-single,rare-archer,common-support",
    "completedWave": 2,
    "defeatedEnemies": 92,
    "eventHash": 3596599403,
    "gold": 11,
    "growthShardsEarned": 2,
  },
  {
    "baseHealth": 20,
    "board": "hero-archer,hero-area,epic-archer,epic-area,epic-support,rare-archer,rare-archer,rare-support,advanced-area,advanced-area,advanced-single,advanced-support,common-archer,advanced-support,common-support,common-single,hero-area,advanced-single,common-archer",
    "completedWave": 3,
    "defeatedEnemies": 144,
    "eventHash": 2458287393,
    "gold": 6,
    "growthShardsEarned": 3,
  },
  {
    "baseHealth": 20,
    "board": "hero-archer,hero-area,epic-archer,epic-area,epic-support,epic-single,epic-support,rare-single,rare-area,common-archer,common-support,advanced-support,hero-area,common-archer,common-area,rare-single,hero-support,common-support",
    "completedWave": 4,
    "defeatedEnemies": 200,
    "eventHash": 438253276,
    "gold": 1,
    "growthShardsEarned": 4,
  },
  {
    "baseHealth": 20,
    "board": "legendary-support,hero-area,epic-area,hero-support,epic-single,rare-area,rare-archer,advanced-archer,hero-area,advanced-support,hero-support,advanced-support,advanced-single,rare-single,advanced-archer,rare-support,advanced-single,common-support,advanced-area,advanced-area",
    "completedWave": 5,
    "defeatedEnemies": 246,
    "eventHash": 2306483882,
    "gold": 8,
    "growthShardsEarned": 8,
  },
  {
    "baseHealth": 20,
    "board": "legendary-support,hero-area,epic-area,hero-support,epic-single,epic-archer,rare-archer,hero-area,rare-single,hero-support,advanced-single,epic-area,epic-support,advanced-single,common-support,epic-support,common-archer",
    "completedWave": 6,
    "defeatedEnemies": 299,
    "eventHash": 2449634924,
    "gold": 0,
    "growthShardsEarned": 9,
  },
  {
    "baseHealth": 20,
    "board": "legendary-support,hero-area,epic-area,hero-support,epic-single,epic-archer,rare-archer,hero-area,rare-single,hero-support,rare-single,epic-area,epic-support,common-support,epic-support,common-archer,common-archer,hero-single,advanced-area,advanced-single,hero-single,advanced-archer,advanced-archer,rare-area,common-area",
    "completedWave": 7,
    "defeatedEnemies": 356,
    "eventHash": 1276460265,
    "gold": 7,
    "growthShardsEarned": 10,
  },
  {
    "baseHealth": 20,
    "board": "legendary-support,hero-area,epic-area,legendary-area,epic-archer,rare-archer,hero-area,epic-area,epic-support,common-support,epic-support,advanced-support,hero-single,advanced-area,advanced-single,hero-single,rare-area,rare-support,common-single,advanced-single,advanced-area,common-archer,common-support,rare-archer,advanced-archer,common-single",
    "completedWave": 8,
    "defeatedEnemies": 417,
    "eventHash": 1085305571,
    "gold": 19,
    "growthShardsEarned": 11,
  },
  {
    "baseHealth": 20,
    "board": "legendary-support,hero-area,hero-archer,legendary-area,epic-archer,hero-archer,hero-area,advanced-single,advanced-support,hero-single,epic-single,hero-single,rare-area,common-archer,common-single,rare-archer,common-support,advanced-support,common-area,advanced-single,common-archer,rare-area,common-area",
    "completedWave": 9,
    "defeatedEnemies": 482,
    "eventHash": 678893782,
    "gold": 9,
    "growthShardsEarned": 12,
  },
  {
    "baseHealth": 20,
    "board": "legendary-support,legendary-area,hero-archer,legendary-area,hero-archer,advanced-single,rare-area,hero-single,epic-single,hero-single,common-archer,common-single,rare-archer,advanced-area,advanced-single,common-archer,advanced-support,advanced-area,rare-archer,rare-support,advanced-support,common-support,rare-single,common-support,common-area",
    "completedWave": 10,
    "defeatedEnemies": 532,
    "eventHash": 2453835412,
    "gold": 9,
    "growthShardsEarned": 19,
  },
  {
    "baseHealth": 20,
    "board": "legendary-support,legendary-area,hero-archer,legendary-area,hero-archer,rare-single,rare-area,hero-single,epic-single,hero-single,advanced-archer,rare-support,epic-area,epic-single,rare-support,common-support,common-support,common-area,epic-support,advanced-archer,advanced-support,rare-area,common-single",
    "completedWave": 11,
    "defeatedEnemies": 593,
    "eventHash": 1074490135,
    "gold": 3,
    "growthShardsEarned": 20,
  },
  {
    "baseHealth": 20,
    "board": "legendary-support,legendary-area,legendary-single,legendary-area,epic-single,epic-support,hero-single,hero-area,hero-single,rare-archer,epic-area,rare-single,common-single,common-support,advanced-single,advanced-area,advanced-area,common-support,advanced-archer,rare-single",
    "completedWave": 12,
    "defeatedEnemies": 658,
    "eventHash": 684188802,
    "gold": 24,
    "growthShardsEarned": 21,
  },
  {
    "baseHealth": 20,
    "board": "legendary-support,legendary-area,legendary-single,legendary-area,epic-single,epic-support,legendary-archer,hero-area,rare-archer,epic-area,rare-single,common-single,rare-support,advanced-area,advanced-area,advanced-archer,rare-single,rare-support,advanced-support,common-area,epic-archer,advanced-archer,common-single,advanced-support,common-support,rare-area,rare-archer,common-support,common-archer,common-archer,common-area",
    "completedWave": 13,
    "defeatedEnemies": 727,
    "eventHash": 248613948,
    "gold": 13,
    "growthShardsEarned": 22,
  },
  {
    "baseHealth": 20,
    "board": "legendary-support,legendary-area,legendary-single,legendary-area,epic-single,epic-support,legendary-archer,hero-area,hero-single,rare-area,rare-support,rare-support,advanced-support,epic-archer,advanced-support,advanced-area,rare-area,epic-area,advanced-area,common-single,common-single,epic-area,common-area",
    "completedWave": 14,
    "defeatedEnemies": 800,
    "eventHash": 3803620764,
    "gold": 0,
    "growthShardsEarned": 23,
  },
  {
    "baseHealth": 20,
    "board": "legendary-support,legendary-area,legendary-single,legendary-area,epic-single,hero-support,legendary-archer,hero-area,hero-single,epic-single,epic-archer,epic-archer,rare-single,epic-area,rare-archer,epic-area,hero-area,advanced-archer,rare-single,advanced-single,rare-support,rare-area,common-single,common-area,rare-area,common-area",
    "completedWave": 15,
    "defeatedEnemies": 863,
    "eventHash": 3423820571,
    "gold": 0,
    "growthShardsEarned": 27,
  },
  {
    "baseHealth": 20,
    "board": "legendary-support,legendary-area,legendary-single,legendary-area,epic-single,hero-support,legendary-archer,hero-area,hero-single,epic-single,legendary-archer,rare-single,epic-area,epic-support,epic-area,hero-area,advanced-archer,rare-single,rare-support,rare-area,common-single,advanced-support,rare-area,advanced-archer,advanced-area,common-support,advanced-support,common-single,epic-archer,common-support,common-area,common-area,advanced-single",
    "completedWave": 16,
    "defeatedEnemies": 933,
    "eventHash": 780176002,
    "gold": 28,
    "growthShardsEarned": 28,
  },
  {
    "baseHealth": 20,
    "board": "legendary-support,legendary-area,legendary-single,legendary-area,epic-single,hero-support,legendary-archer,legendary-single,hero-single,epic-single,legendary-archer,rare-single,epic-area,epic-support,epic-area,rare-single,epic-archer,advanced-support,advanced-support,hero-support,common-archer,common-single,epic-archer,hero-archer,common-archer,rare-archer,advanced-archer,common-single,common-support,rare-area,advanced-single,rare-support",
    "completedWave": 17,
    "defeatedEnemies": 1007,
    "eventHash": 1105954326,
    "gold": 32,
    "growthShardsEarned": 29,
  },
  {
    "baseHealth": 20,
    "board": "legendary-support,legendary-area,legendary-single,legendary-area,mythic-archer,legendary-single,legendary-support,rare-single,rare-single,epic-archer,epic-single,advanced-archer,epic-archer,hero-archer,advanced-archer,advanced-single,rare-area,advanced-single,epic-single,advanced-area,common-area,common-support,rare-support,common-single,advanced-area",
    "completedWave": 18,
    "defeatedEnemies": 1085,
    "eventHash": 1223333682,
    "gold": 25,
    "growthShardsEarned": 30,
  },
  {
    "baseHealth": 20,
    "board": "legendary-support,legendary-area,legendary-single,legendary-area,mythic-archer,legendary-single,legendary-support,epic-support,hero-area,epic-single,advanced-archer,hero-archer,advanced-archer,rare-area,rare-area,epic-single,advanced-area,common-area,rare-support,epic-archer,common-single,advanced-area,hero-support,common-support,rare-archer,epic-area,hero-archer,common-support,common-area,common-single",
    "completedWave": 19,
    "defeatedEnemies": 1167,
    "eventHash": 866987095,
    "gold": 4,
    "growthShardsEarned": 31,
  },
  {
    "baseHealth": 20,
    "board": "mythic-support,legendary-area,legendary-single,legendary-area,mythic-archer,legendary-single,epic-support,hero-area,hero-area,hero-single,epic-single,common-area,advanced-support,hero-support,advanced-archer,rare-archer,epic-area,common-area,advanced-archer,rare-single,common-support,rare-single,advanced-support,common-archer,common-archer,common-single",
    "completedWave": 20,
    "defeatedEnemies": 1234,
    "eventHash": 805188162,
    "gold": 15,
    "growthShardsEarned": 38,
  },
  {
    "baseHealth": 20,
    "board": "mythic-support,legendary-area,legendary-single,legendary-area,mythic-archer,legendary-single,epic-support,hero-area,hero-area,hero-single,epic-single,epic-support,rare-support,hero-support,rare-archer,epic-area,rare-single,common-support,rare-single,rare-archer,advanced-archer,epic-archer,advanced-archer,common-support,advanced-single,epic-archer,hero-single,rare-area",
    "completedWave": 21,
    "defeatedEnemies": 1313,
    "eventHash": 2701581885,
    "gold": 7,
    "growthShardsEarned": 39,
  },
  {
    "baseHealth": 20,
    "board": "mythic-support,legendary-area,legendary-single,legendary-area,mythic-archer,legendary-single,epic-support,hero-area,hero-area,legendary-archer,epic-single,epic-support,rare-support,hero-support,epic-area,rare-single,common-support,rare-single,common-support,epic-archer,advanced-support,rare-archer,advanced-archer,advanced-area,advanced-support,rare-archer,epic-single,advanced-archer,common-archer,common-area,epic-area,rare-support,common-archer",
    "completedWave": 22,
    "defeatedEnemies": 1396,
    "eventHash": 2323278470,
    "gold": 10,
    "growthShardsEarned": 40,
  },
  {
    "baseHealth": 20,
    "board": "mythic-support,legendary-area,legendary-single,legendary-area,mythic-archer,legendary-single,legendary-support,legendary-archer,hero-single,hero-support,hero-support,advanced-single,epic-archer,rare-archer,rare-archer,advanced-area,hero-area,rare-support,advanced-area,epic-area,common-area,hero-area,common-archer,rare-area,common-single,advanced-support",
    "completedWave": 23,
    "defeatedEnemies": 1483,
    "eventHash": 3504501663,
    "gold": 43,
    "growthShardsEarned": 41,
  },
  {
    "baseHealth": 20,
    "board": "mythic-support,legendary-area,legendary-single,legendary-area,mythic-archer,legendary-single,legendary-support,legendary-archer,hero-single,legendary-archer,advanced-single,hero-area,epic-area,epic-area,hero-area,rare-area,common-single,common-support,hero-archer,rare-support,advanced-archer,rare-single,common-area,epic-single,common-support",
    "completedWave": 24,
    "defeatedEnemies": 1575,
    "eventHash": 2904431633,
    "gold": 21,
    "growthShardsEarned": 42,
  },
  {
    "baseHealth": 20,
    "board": "mythic-support,mythic-area,legendary-single,mythic-archer,legendary-single,legendary-support,legendary-archer,hero-single,legendary-archer,rare-area,epic-area,epic-area,rare-area,epic-support,hero-archer,rare-support,advanced-archer,common-area,epic-archer,rare-support,epic-support,advanced-area,advanced-single,hero-single,epic-archer,hero-archer,rare-archer,advanced-support,common-area,common-single,advanced-single,rare-archer",
    "completedWave": 25,
    "defeatedEnemies": 1656,
    "eventHash": 2916967048,
    "gold": 0,
    "growthShardsEarned": 46,
  },
  {
    "baseHealth": 20,
    "board": "mythic-support,mythic-area,legendary-single,mythic-archer,legendary-single,legendary-support,legendary-archer,legendary-area,legendary-archer,rare-area,hero-archer,rare-area,epic-support,legendary-area,rare-support,hero-area,rare-single,rare-support,epic-support,epic-area,common-single,common-single,epic-archer,epic-single,common-archer,advanced-support",
    "completedWave": 26,
    "defeatedEnemies": 1744,
    "eventHash": 3421539166,
    "gold": 6,
    "growthShardsEarned": 47,
  },
  {
    "baseHealth": 20,
    "board": "mythic-support,mythic-area,legendary-single,mythic-archer,legendary-single,legendary-support,legendary-archer,legendary-area,legendary-archer,hero-support,hero-archer,legendary-area,epic-support,hero-area,rare-single,epic-area,rare-support,epic-archer,epic-single,rare-support,advanced-support,rare-single,common-single,common-archer,epic-archer,common-area,rare-archer,rare-area,epic-support,advanced-area,common-single",
    "completedWave": 27,
    "defeatedEnemies": 1836,
    "eventHash": 3479787506,
    "gold": 7,
    "growthShardsEarned": 48,
  },
  {
    "baseHealth": 20,
    "board": "mythic-support,mythic-area,legendary-single,mythic-archer,legendary-single,legendary-support,mythic-support,legendary-area,hero-support,hero-archer,legendary-area,hero-support,epic-area,epic-support,epic-support,common-area,rare-archer,advanced-single,advanced-archer,common-area,advanced-single,advanced-archer,common-archer",
    "completedWave": 28,
    "defeatedEnemies": 1932,
    "eventHash": 1997657405,
    "gold": 32,
    "growthShardsEarned": 49,
  },
  {
    "baseHealth": 20,
    "board": "mythic-support,mythic-area,legendary-single,mythic-archer,legendary-single,legendary-support,mythic-support,legendary-area,hero-support,hero-archer,legendary-area,hero-support,epic-area,epic-support,epic-support,hero-single,rare-archer,rare-single,epic-area,advanced-support,rare-support,advanced-archer,common-area,advanced-archer,rare-archer,epic-single,rare-area",
    "completedWave": 29,
    "defeatedEnemies": 2033,
    "eventHash": 541335002,
    "gold": 53,
    "growthShardsEarned": 50,
  },
  {
    "baseHealth": 20,
    "board": "mythic-support,mythic-area,legendary-single,mythic-archer,legendary-single,legendary-support,mythic-support,legendary-area,legendary-support,hero-archer,legendary-area,legendary-archer,hero-single,epic-support,epic-area,rare-single,common-single,common-archer,advanced-archer,common-archer,rare-support",
    "completedWave": 30,
    "defeatedEnemies": 2118,
    "eventHash": 3719401685,
    "gold": 26,
    "growthShardsEarned": 57,
  },
  {
    "baseHealth": 20,
    "board": "mythic-support,mythic-area,legendary-single,mythic-archer,legendary-single,legendary-support,mythic-support,legendary-area,legendary-support,hero-archer,legendary-area,legendary-archer,hero-single,epic-support,epic-area,rare-single,common-single,advanced-archer,advanced-archer,rare-support,common-area,rare-area,advanced-support,advanced-support,rare-support,epic-area,epic-support,common-archer,advanced-area,rare-area,advanced-area,common-single,common-archer,common-support",
    "completedWave": 31,
    "defeatedEnemies": 2215,
    "eventHash": 2028167564,
    "gold": 47,
    "growthShardsEarned": 58,
  },
  {
    "baseHealth": 20,
    "board": "mythic-support,mythic-area,legendary-single,mythic-archer,legendary-single,legendary-support,mythic-support,legendary-area,legendary-support,hero-archer,legendary-area,legendary-archer,hero-single,hero-support,hero-support,epic-single,epic-archer,rare-area,rare-area,advanced-archer,common-single,epic-archer,advanced-single,rare-support,rare-archer,common-area,common-area,common-single,advanced-single,rare-support,common-support",
    "completedWave": 32,
    "defeatedEnemies": 2316,
    "eventHash": 4047981585,
    "gold": 41,
    "growthShardsEarned": 59,
  },
  {
    "baseHealth": 20,
    "board": "mythic-support,mythic-area,legendary-single,mythic-archer,legendary-single,legendary-support,mythic-support,legendary-area,legendary-support,hero-archer,legendary-area,legendary-archer,hero-single,legendary-archer,epic-archer,rare-area,rare-area,rare-single,epic-archer,epic-support,epic-area,common-archer,common-area,hero-single,advanced-area,advanced-area,rare-archer,common-support,epic-area,advanced-support",
    "completedWave": 33,
    "defeatedEnemies": 2422,
    "eventHash": 3040992573,
    "gold": 36,
    "growthShardsEarned": 60,
  },
  {
    "baseHealth": 20,
    "board": "mythic-support,mythic-area,legendary-single,mythic-archer,legendary-single,legendary-support,mythic-support,legendary-area,legendary-support,hero-archer,legendary-area,legendary-archer,hero-single,legendary-archer,hero-area,hero-area,epic-support,hero-archer,common-archer,common-area,hero-single,rare-single,advanced-support,common-archer,rare-single,common-area,rare-area,advanced-support,common-single,advanced-single",
    "completedWave": 34,
    "defeatedEnemies": 2532,
    "eventHash": 1386154650,
    "gold": 35,
    "growthShardsEarned": 61,
  },
  {
    "baseHealth": 10,
    "board": "transcendent-single,mythic-area,legendary-single,mythic-archer,legendary-single,legendary-support,legendary-support,mythic-single,hero-area,hero-area,rare-single,advanced-area,rare-archer,advanced-archer,rare-archer,epic-area,common-archer,common-archer,rare-support,common-support,rare-area,rare-support,advanced-area,common-area",
    "completedWave": 35,
    "defeatedEnemies": 2629,
    "eventHash": 3640429081,
    "gold": 6,
    "growthShardsEarned": 65,
  },
  {
    "baseHealth": 10,
    "board": "transcendent-single,mythic-area,legendary-single,mythic-archer,legendary-single,legendary-support,legendary-support,mythic-single,hero-area,hero-area,rare-single,advanced-area,epic-single,advanced-archer,epic-area,advanced-support,rare-support,advanced-archer,epic-support,rare-support,advanced-area,common-area,rare-single,common-area,hero-single,advanced-support,epic-archer,rare-area,common-single,common-archer,hero-archer,common-single,rare-archer,common-archer",
    "completedWave": 36,
    "defeatedEnemies": 2735,
    "eventHash": 1939146605,
    "gold": 64,
    "growthShardsEarned": 66,
  },
  {
    "baseHealth": 10,
    "board": "transcendent-single,mythic-area,legendary-single,mythic-archer,legendary-single,legendary-support,legendary-support,mythic-single,hero-area,hero-area,epic-support,epic-area,epic-single,epic-single,epic-area,rare-area,epic-support,hero-single,epic-archer,rare-area,advanced-area,hero-archer,rare-archer,rare-single,common-area,hero-support,rare-support,common-support,rare-support,advanced-support,rare-single,advanced-area,common-archer",
    "completedWave": 37,
    "defeatedEnemies": 2846,
    "eventHash": 2219961334,
    "gold": 55,
    "growthShardsEarned": 67,
  },
  {
    "baseHealth": 10,
    "board": "transcendent-single,mythic-area,legendary-single,mythic-archer,legendary-single,mythic-area,mythic-single,hero-area,hero-area,epic-support,legendary-archer,hero-single,epic-support,hero-single,rare-area,rare-archer,common-area,advanced-archer,advanced-support,rare-archer,common-area,advanced-support,epic-area,epic-single,common-archer,epic-single,common-single,advanced-area,common-single",
    "completedWave": 38,
    "defeatedEnemies": 2961,
    "eventHash": 3678388851,
    "gold": 13,
    "growthShardsEarned": 68,
  },
  {
    "baseHealth": 10,
    "board": "transcendent-single,mythic-area,legendary-single,mythic-archer,legendary-single,mythic-area,mythic-single,legendary-support,hero-area,legendary-archer,hero-single,hero-single,rare-area,advanced-support,epic-area,advanced-archer,rare-single,rare-area,rare-support,epic-area,advanced-support,common-support,rare-archer,epic-support,common-area,epic-archer,advanced-area",
    "completedWave": 39,
    "defeatedEnemies": 3080,
    "eventHash": 932644864,
    "gold": 25,
    "growthShardsEarned": 69,
  },
  {
    "baseHealth": 10,
    "board": "transcendent-single,mythic-area,legendary-single,mythic-archer,legendary-single,mythic-area,mythic-single,legendary-support,hero-area,legendary-archer,legendary-area,advanced-support,epic-area,rare-single,rare-support,epic-area,advanced-support,epic-archer,epic-support,epic-archer,rare-single,rare-support,common-single,advanced-archer,common-single,common-area",
    "completedWave": 40,
    "defeatedEnemies": 3183,
    "eventHash": 3451854308,
    "gold": 50,
    "growthShardsEarned": 76,
  },
]
`;
