// Vitest Snapshot v1, https://vitest.dev/guide/snapshot.html

exports[`리팩터링 기준선: 40웨이브 경계 상태와 이벤트 해시 1`] = `
[
  {
    "baseHealth": 20,
    "board": "",
    "completedWave": 0,
    "defeatedEnemies": 0,
    "eventHash": 2166136261,
    "gold": 100,
    "growthShardsEarned": 0,
  },
  {
    "baseHealth": 20,
    "board": "advanced-archer,epic-support,advanced-single,epic-support,hero-area,advanced-area,rare-support,advanced-support,common-archer,common-single,common-single,common-support,rare-support,advanced-area,epic-area,common-support,common-archer",
    "completedWave": 1,
    "defeatedEnemies": 44,
    "eventHash": 3063945675,
    "gold": 0,
    "growthShardsEarned": 1,
  },
  {
    "baseHealth": 20,
    "board": "epic-archer,hero-archer,advanced-single,hero-area,rare-archer,advanced-support,common-archer,common-single,common-single,advanced-archer,epic-area,common-archer,advanced-area,common-area,rare-single,rare-single,rare-archer,common-support",
    "completedWave": 2,
    "defeatedEnemies": 92,
    "eventHash": 3596599403,
    "gold": 11,
    "growthShardsEarned": 2,
  },
  {
    "baseHealth": 20,
    "board": "hero-archer,hero-area,epic-archer,epic-area,epic-support,rare-archer,rare-archer,rare-support,advanced-area,advanced-area,advanced-single,advanced-support,common-archer,advanced-support,common-support,common-single,hero-area,advanced-single,common-archer",
    "completedWave": 3,
    "defeatedEnemies": 144,
    "eventHash": 2458287393,
    "gold": 6,
    "growthShardsEarned": 3,
  },
  {
    "baseHealth": 20,
    "board": "hero-archer,hero-area,epic-archer,epic-area,epic-support,epic-single,epic-support,rare-single,rare-area,common-archer,common-support,advanced-support,hero-area,common-archer,common-area,rare-single,hero-support,common-support",
    "completedWave": 4,
    "defeatedEnemies": 200,
    "eventHash": 438253276,
    "gold": 1,
    "growthShardsEarned": 4,
  },
  {
    "baseHealth": 20,
    "board": "hero-archer,hero-area,epic-archer,epic-area,epic-support,epic-single,epic-support,epic-archer,rare-area,rare-archer,common-support,hero-area,advanced-single,hero-support,common-support,advanced-area,rare-area,epic-single,advanced-area,advanced-single,epic-area,common-area",
    "completedWave": 5,
    "defeatedEnemies": 206,
    "eventHash": 1573316847,
    "gold": 8,
    "growthShardsEarned": 7,
  },
  {
    "baseHealth": 20,
    "board": "hero-archer,legendary-support,epic-archer,epic-area,epic-single,epic-archer,rare-archer,advanced-archer,advanced-single,hero-support,rare-single,epic-single,advanced-single,epic-area,advanced-support,common-single,common-single,advanced-archer,rare-single,common-archer,hero-support,common-area,hero-area",
    "completedWave": 6,
    "defeatedEnemies": 259,
    "eventHash": 3200120897,
    "gold": 10,
    "growthShardsEarned": 8,
  },
  {
    "baseHealth": 20,
    "board": "hero-archer,legendary-support,hero-archer,epic-area,legendary-area,advanced-archer,epic-area,advanced-support,advanced-support,advanced-archer,common-area,hero-area,rare-area,common-support,rare-support,epic-archer,common-area,common-archer,epic-support",
    "completedWave": 7,
    "defeatedEnemies": 316,
    "eventHash": 613466787,
    "gold": 9,
    "growthShardsEarned": 9,
  },
  {
    "baseHealth": 20,
    "board": "legendary-support,legendary-support,legendary-area,rare-single,hero-area,rare-area,common-support,epic-archer,advanced-area,epic-support,common-area,hero-area,common-single,rare-support,advanced-single,hero-archer,advanced-single,advanced-support",
    "completedWave": 8,
    "defeatedEnemies": 377,
    "eventHash": 222606855,
    "gold": 10,
    "growthShardsEarned": 10,
  },
  {
    "baseHealth": 20,
    "board": "legendary-support,legendary-support,legendary-area,rare-single,hero-area,rare-area,common-support,epic-archer,advanced-area,epic-support,common-area,hero-area,advanced-archer,rare-support,rare-single,hero-archer,advanced-support,rare-archer,hero-archer,common-support,common-area,hero-single,common-archer,hero-single,epic-single,common-archer,rare-archer,epic-archer,common-single",
    "completedWave": 9,
    "defeatedEnemies": 442,
    "eventHash": 1516911040,
    "gold": 4,
    "growthShardsEarned": 11,
  },
  {
    "baseHealth": 20,
    "board": "legendary-support,legendary-support,legendary-area,rare-single,hero-area,rare-area,advanced-support,epic-archer,advanced-area,epic-support,advanced-archer,hero-area,advanced-archer,rare-support,rare-single,hero-archer,advanced-support,rare-archer,hero-archer,hero-single,common-archer,hero-single,epic-single,common-archer,rare-archer,epic-archer,common-single,advanced-single",
    "completedWave": 10,
    "defeatedEnemies": 443,
    "eventHash": 1569406142,
    "gold": 12,
    "growthShardsEarned": 17,
  },
  {
    "baseHealth": 20,
    "board": "legendary-support,legendary-support,legendary-area,rare-single,hero-area,rare-area,hero-support,epic-archer,advanced-area,epic-support,hero-area,rare-single,hero-archer,hero-archer,hero-single,hero-single,epic-single,epic-archer,common-single,advanced-single,advanced-archer,common-archer,epic-single,common-area,rare-archer,advanced-support,advanced-area",
    "completedWave": 11,
    "defeatedEnemies": 504,
    "eventHash": 3537018081,
    "gold": 16,
    "growthShardsEarned": 18,
  },
  {
    "baseHealth": 20,
    "board": "legendary-support,legendary-support,legendary-area,legendary-single,hero-area,rare-area,hero-support,epic-archer,rare-single,hero-area,hero-single,hero-single,epic-single,epic-archer,advanced-archer,epic-single,common-area,rare-area,common-support,hero-support,epic-area,advanced-support,rare-single,rare-support,common-archer,common-area",
    "completedWave": 12,
    "defeatedEnemies": 569,
    "eventHash": 2063665013,
    "gold": 11,
    "growthShardsEarned": 19,
  },
  {
    "baseHealth": 20,
    "board": "mythic-archer,legendary-area,legendary-single,epic-support,hero-support,epic-archer,rare-single,hero-single,hero-single,epic-archer,advanced-archer,common-support,hero-support,epic-area,advanced-support,rare-single,rare-archer,advanced-support,advanced-archer,epic-support,rare-archer,common-archer",
    "completedWave": 13,
    "defeatedEnemies": 638,
    "eventHash": 1268071082,
    "gold": 23,
    "growthShardsEarned": 20,
  },
  {
    "baseHealth": 20,
    "board": "mythic-archer,legendary-area,legendary-single,epic-support,legendary-single,epic-archer,hero-archer,hero-single,hero-single,epic-archer,rare-single,advanced-archer,epic-area,epic-support,advanced-support,common-single,hero-archer,common-single,rare-archer,advanced-single,common-area,epic-area",
    "completedWave": 14,
    "defeatedEnemies": 711,
    "eventHash": 1466276347,
    "gold": 23,
    "growthShardsEarned": 21,
  },
  {
    "baseHealth": 20,
    "board": "mythic-archer,legendary-area,legendary-single,hero-support,legendary-single,hero-support,hero-archer,legendary-support,epic-area,advanced-support,advanced-support,hero-archer,rare-support,common-area,epic-area,advanced-area,common-support,common-area,advanced-single,common-single",
    "completedWave": 15,
    "defeatedEnemies": 717,
    "eventHash": 708451069,
    "gold": 18,
    "growthShardsEarned": 24,
  },
  {
    "baseHealth": 20,
    "board": "mythic-archer,legendary-area,legendary-single,legendary-support,legendary-single,hero-archer,legendary-support,hero-archer,rare-support,rare-area,advanced-single,common-single,common-single,epic-single,rare-area,epic-archer,epic-archer,common-area,rare-archer,advanced-archer,advanced-archer,common-support,common-support,advanced-area",
    "completedWave": 16,
    "defeatedEnemies": 787,
    "eventHash": 1851273376,
    "gold": 1,
    "growthShardsEarned": 25,
  },
  {
    "baseHealth": 20,
    "board": "mythic-archer,legendary-area,legendary-single,legendary-support,legendary-single,hero-archer,legendary-support,hero-archer,rare-support,epic-area,rare-area,rare-single,epic-single,epic-archer,epic-archer,advanced-single,rare-archer,advanced-area,epic-single,common-archer,common-support,rare-single,rare-area,advanced-area,common-area,advanced-single,advanced-support,rare-archer,epic-support,common-single",
    "completedWave": 17,
    "defeatedEnemies": 861,
    "eventHash": 132597254,
    "gold": 14,
    "growthShardsEarned": 26,
  },
  {
    "baseHealth": 20,
    "board": "mythic-archer,legendary-area,legendary-single,legendary-support,legendary-single,hero-archer,legendary-support,hero-archer,epic-archer,epic-area,hero-support,epic-support,hero-area,advanced-area,advanced-archer,advanced-area,advanced-single,epic-support,rare-single,advanced-archer,hero-single,rare-archer,advanced-support,common-archer",
    "completedWave": 18,
    "defeatedEnemies": 939,
    "eventHash": 3098740694,
    "gold": 14,
    "growthShardsEarned": 27,
  },
  {
    "baseHealth": 20,
    "board": "mythic-archer,legendary-area,legendary-single,mythic-archer,legendary-single,legendary-support,epic-area,hero-area,rare-support,rare-archer,advanced-single,rare-single,hero-single,rare-archer,advanced-support,advanced-area,hero-single,rare-area,rare-area,epic-single,advanced-archer,common-area,common-archer,advanced-archer,hero-area,common-area",
    "completedWave": 19,
    "defeatedEnemies": 1021,
    "eventHash": 2368584559,
    "gold": 5,
    "growthShardsEarned": 28,
  },
  {
    "baseHealth": 20,
    "board": "mythic-archer,legendary-area,legendary-single,mythic-archer,legendary-single,legendary-support,epic-area,legendary-area,rare-support,epic-single,advanced-single,rare-single,hero-single,advanced-support,advanced-area,hero-single,rare-area,rare-area,epic-single,common-archer,advanced-area",
    "completedWave": 20,
    "defeatedEnemies": 1022,
    "eventHash": 2884529927,
    "gold": 22,
    "growthShardsEarned": 34,
  },
  {
    "baseHealth": 20,
    "board": "mythic-archer,legendary-area,mythic-single,mythic-archer,legendary-support,epic-area,legendary-area,rare-support,hero-single,advanced-single,epic-archer,hero-single,common-archer,advanced-single,common-single,legendary-single,common-archer,rare-support,common-support,epic-support,common-support",
    "completedWave": 21,
    "defeatedEnemies": 1101,
    "eventHash": 733146033,
    "gold": 23,
    "growthShardsEarned": 35,
  },
  {
    "baseHealth": 20,
    "board": "mythic-archer,legendary-area,mythic-single,mythic-archer,legendary-support,hero-area,legendary-area,epic-single,hero-single,epic-area,epic-archer,hero-single,legendary-single,epic-support,epic-support,advanced-area,hero-archer,epic-archer,rare-archer,rare-support,rare-support,advanced-archer,common-support,rare-single",
    "completedWave": 22,
    "defeatedEnemies": 1184,
    "eventHash": 152317247,
    "gold": 14,
    "growthShardsEarned": 36,
  },
  {
    "baseHealth": 20,
    "board": "mythic-archer,legendary-area,mythic-single,mythic-archer,legendary-support,hero-area,legendary-area,epic-single,legendary-archer,legendary-support,hero-support,legendary-single,advanced-area,advanced-archer,common-support,rare-single,advanced-single,advanced-single,advanced-archer,common-area,advanced-area,rare-area,common-support,epic-single,common-archer",
    "completedWave": 23,
    "defeatedEnemies": 1271,
    "eventHash": 1014717999,
    "gold": 45,
    "growthShardsEarned": 37,
  },
  {
    "baseHealth": 20,
    "board": "mythic-archer,legendary-area,mythic-single,mythic-archer,legendary-support,hero-area,legendary-area,hero-archer,legendary-archer,legendary-support,legendary-archer,legendary-single,epic-archer,rare-area,rare-single,rare-archer,rare-archer,advanced-archer,epic-area,epic-archer,advanced-archer,common-single,common-archer,common-single",
    "completedWave": 24,
    "defeatedEnemies": 1363,
    "eventHash": 3946986468,
    "gold": 47,
    "growthShardsEarned": 38,
  },
  {
    "baseHealth": 20,
    "board": "mythic-archer,legendary-area,mythic-single,mythic-archer,legendary-support,hero-area,legendary-area,hero-archer,legendary-archer,legendary-support,legendary-archer,legendary-single,epic-archer,rare-area,epic-single,rare-archer,rare-archer,rare-support,epic-area,epic-archer,advanced-single,advanced-area,advanced-area,common-area,rare-support,epic-single,common-support,advanced-archer,advanced-single,rare-area",
    "completedWave": 25,
    "defeatedEnemies": 1369,
    "eventHash": 3064443827,
    "gold": 13,
    "growthShardsEarned": 41,
  },
  {
    "baseHealth": 20,
    "board": "mythic-archer,legendary-area,mythic-single,mythic-archer,legendary-support,hero-area,legendary-area,hero-archer,legendary-archer,legendary-support,legendary-archer,legendary-single,hero-support,epic-single,rare-archer,rare-archer,rare-support,hero-area,rare-single,rare-support,epic-single,advanced-single,epic-archer,advanced-support,advanced-area,advanced-support,common-archer,rare-single,common-single,common-single,advanced-single,common-area,common-support",
    "completedWave": 26,
    "defeatedEnemies": 1457,
    "eventHash": 979273475,
    "gold": 38,
    "growthShardsEarned": 42,
  },
  {
    "baseHealth": 20,
    "board": "mythic-archer,legendary-area,mythic-single,mythic-archer,legendary-support,hero-area,legendary-area,hero-archer,legendary-archer,legendary-support,legendary-archer,legendary-single,hero-support,hero-support,epic-archer,hero-area,epic-support,hero-single,epic-single,common-archer,common-archer,advanced-archer,epic-support,common-support,epic-archer,advanced-support,advanced-archer,common-area,common-support",
    "completedWave": 27,
    "defeatedEnemies": 1549,
    "eventHash": 3112878777,
    "gold": 7,
    "growthShardsEarned": 43,
  },
  {
    "baseHealth": 20,
    "board": "transcendent-support,legendary-area,mythic-single,legendary-support,legendary-area,legendary-archer,legendary-support,legendary-single,hero-support,hero-support,hero-single,epic-support,hero-single,epic-single,rare-area,rare-archer,epic-support,advanced-area,advanced-single,rare-single,rare-support,rare-archer,epic-area,common-area,advanced-area,epic-area,common-area,common-archer",
    "completedWave": 28,
    "defeatedEnemies": 1645,
    "eventHash": 2331412643,
    "gold": 0,
    "growthShardsEarned": 44,
  },
  {
    "baseHealth": 20,
    "board": "transcendent-support,legendary-area,mythic-single,legendary-support,legendary-area,mythic-support,legendary-support,legendary-single,hero-archer,epic-single,epic-archer,epic-area,common-archer,rare-archer,advanced-single,advanced-single,common-area,common-archer",
    "completedWave": 29,
    "defeatedEnemies": 1746,
    "eventHash": 2712795698,
    "gold": 44,
    "growthShardsEarned": 45,
  },
  {
    "baseHealth": 20,
    "board": "transcendent-support,legendary-area,mythic-single,legendary-support,legendary-area,mythic-support,legendary-support,legendary-single,hero-archer,epic-single,epic-archer,epic-area,common-archer,rare-archer,advanced-single,advanced-single,common-area,common-archer,common-support,advanced-archer,advanced-archer,rare-area",
    "completedWave": 30,
    "defeatedEnemies": 1747,
    "eventHash": 3956511512,
    "gold": 43,
    "growthShardsEarned": 51,
  },
  {
    "baseHealth": 20,
    "board": "transcendent-support,legendary-area,mythic-single,legendary-support,legendary-area,mythic-support,legendary-support,legendary-single,hero-archer,epic-single,epic-archer,epic-area,advanced-support,epic-archer,rare-single,advanced-area,rare-area,legendary-archer,common-single,common-archer,epic-support,common-archer,advanced-single,advanced-area,epic-area,advanced-archer,common-area,common-single,common-support,advanced-single",
    "completedWave": 31,
    "defeatedEnemies": 1844,
    "eventHash": 2148579175,
    "gold": 48,
    "growthShardsEarned": 52,
  },
  {
    "baseHealth": 20,
    "board": "transcendent-support,mythic-single,mythic-single,legendary-support,mythic-support,legendary-support,legendary-single,hero-archer,epic-area,rare-archer,rare-support,legendary-archer,epic-support,epic-area,rare-area,common-area,rare-archer,epic-support,rare-support,common-archer,advanced-single,common-support,advanced-archer,common-single,common-archer,advanced-archer,rare-area,common-single,common-support",
    "completedWave": 32,
    "defeatedEnemies": 1945,
    "eventHash": 212136961,
    "gold": 29,
    "growthShardsEarned": 53,
  },
  {
    "baseHealth": 20,
    "board": "transcendent-support,mythic-single,mythic-single,legendary-support,mythic-support,legendary-support,legendary-single,hero-archer,hero-archer,hero-support,epic-area,legendary-archer,rare-area,advanced-area,rare-single,advanced-single,rare-archer,common-single,rare-area,common-single,hero-support,rare-archer,hero-area,rare-single,epic-area,advanced-area,epic-archer,common-archer,common-area,advanced-single,common-support,common-area",
    "completedWave": 33,
    "defeatedEnemies": 2051,
    "eventHash": 299021571,
    "gold": 50,
    "growthShardsEarned": 54,
  },
  {
    "baseHealth": 20,
    "board": "transcendent-support,mythic-single,mythic-single,legendary-support,mythic-support,legendary-support,legendary-single,hero-archer,hero-archer,legendary-area,epic-area,legendary-archer,rare-support,epic-single,common-single,common-single,hero-area,epic-area,epic-archer,rare-single,rare-archer,rare-area,hero-area,advanced-archer,advanced-archer,rare-single,rare-support,common-archer",
    "completedWave": 34,
    "defeatedEnemies": 2161,
    "eventHash": 1568053352,
    "gold": 3,
    "growthShardsEarned": 55,
  },
  {
    "baseHealth": 10,
    "board": "transcendent-support,mythic-single,mythic-single,mythic-archer,mythic-support,legendary-single,hero-archer,hero-archer,legendary-area,legendary-archer,rare-support,epic-single,epic-archer,epic-archer,rare-area,rare-support,common-archer,advanced-archer,advanced-support,epic-single,advanced-single,common-area,common-archer",
    "completedWave": 35,
    "defeatedEnemies": 2165,
    "eventHash": 3344864102,
    "gold": 32,
    "growthShardsEarned": 58,
  },
  {
    "baseHealth": 10,
    "board": "transcendent-support,mythic-single,mythic-single,mythic-archer,mythic-support,legendary-single,hero-archer,hero-archer,legendary-area,legendary-archer,epic-area,epic-single,hero-area,advanced-archer,rare-archer,epic-single,epic-support,rare-archer,epic-support,advanced-area,common-area,advanced-single,advanced-area,epic-archer,common-area,common-support",
    "completedWave": 36,
    "defeatedEnemies": 2271,
    "eventHash": 2833531666,
    "gold": 39,
    "growthShardsEarned": 59,
  },
  {
    "baseHealth": 10,
    "board": "transcendent-support,mythic-single,mythic-single,mythic-archer,mythic-support,legendary-single,legendary-archer,legendary-area,legendary-archer,epic-area,hero-area,hero-area,epic-single,hero-support,rare-single,rare-area,epic-archer,common-support,advanced-support,advanced-support,epic-support,common-support,advanced-area,rare-area,hero-support,rare-support,common-single",
    "completedWave": 37,
    "defeatedEnemies": 2382,
    "eventHash": 684318377,
    "gold": 13,
    "growthShardsEarned": 60,
  },
  {
    "baseHealth": 10,
    "board": "transcendent-support,mythic-single,mythic-single,mythic-archer,mythic-support,legendary-single,legendary-archer,legendary-area,legendary-archer,epic-area,hero-area,hero-area,epic-single,legendary-area,epic-support,epic-archer,hero-archer,advanced-area,common-single,rare-archer,advanced-area,epic-area,common-support,common-support,common-archer,rare-area",
    "completedWave": 38,
    "defeatedEnemies": 2497,
    "eventHash": 2238197095,
    "gold": 8,
    "growthShardsEarned": 61,
  },
  {
    "baseHealth": 10,
    "board": "transcendent-support,mythic-single,mythic-single,mythic-archer,mythic-support,legendary-single,legendary-archer,legendary-area,legendary-archer,hero-archer,hero-area,hero-area,epic-single,legendary-area,hero-support,epic-archer,hero-archer,rare-single,rare-area,rare-archer,rare-area,advanced-support,rare-single,hero-support,advanced-archer,advanced-support",
    "completedWave": 39,
    "defeatedEnemies": 2616,
    "eventHash": 4291496462,
    "gold": 43,
    "growthShardsEarned": 62,
  },
  {
    "baseHealth": 10,
    "board": "transcendent-support,mythic-single,mythic-single,mythic-archer,mythic-support,legendary-single,legendary-archer,legendary-area,legendary-archer,hero-archer,hero-area,hero-area,epic-single,legendary-area,hero-support,epic-archer,hero-archer,rare-single,rare-area,rare-archer,rare-area,advanced-support,rare-single,hero-support,advanced-archer,advanced-support,advanced-single,common-single,common-support",
    "completedWave": 40,
    "defeatedEnemies": 2617,
    "eventHash": 2475776809,
    "gold": 8,
    "growthShardsEarned": 68,
  },
]
`;
